[libseat] [libseat/libseat.c:73] Seat opened with backend 'seatd'
[libseat] [libseat/backend/seatd.c:212] Enabling seat
[backend/session/session.c:108] Successfully loaded libseat session
[backend/backend.c:256] Found 1 GPUs
[backend/drm/backend.c:185] Initializing DRM backend for /dev/dri/card0 (i915)
[backend/drm/drm.c:111] Using atomic DRM interface
[backend/drm/drm.c:131] ADDFB2 modifiers supported
[backend/drm/drm.c:310] Found 3 DRM CRTCs
[backend/drm/drm.c:268] Found 9 DRM planes
[render/egl.c:205] Supported EGL client extensions: EGL_EXT_device_base EGL_EXT_device_enumeration EGL_EXT_device_query EGL_EXT_platform_base EGL_KHR_client_get_all_proc_addresses EGL_EXT_client_extensions EGL_KHR_debug EGL_EXT_platform_device EGL_EXT_explicit_device EGL_EXT_platform_wayland EGL_KHR_platform_wayland EGL_EXT_platform_x11 EGL_KHR_platform_x11 EGL_EXT_platform_xcb EGL_MESA_platform_gbm EGL_KHR_platform_gbm EGL_MESA_platform_surfaceless
[render/egl.c:486] Using EGL device /dev/dri/card0
[render/egl.c:354] Using EGL 1.5
[render/egl.c:355] Supported EGL display extensions: EGL_ANDROID_blob_cache EGL_ANDROID_native_fence_sync EGL_EXT_config_select_group EGL_EXT_create_context_robustness EGL_EXT_image_dma_buf_import EGL_EXT_image_dma_buf_import_modifiers EGL_EXT_query_reset_notification_strategy EGL_EXT_surface_compression EGL_IMG_context_priority EGL_KHR_cl_event2 EGL_KHR_config_attribs EGL_KHR_context_flush_control EGL_KHR_create_context EGL_KHR_create_context_no_error EGL_KHR_fence_sync EGL_KHR_get_all_proc_addresses EGL_KHR_gl_colorspace EGL_KHR_gl_renderbuffer_image EGL_KHR_gl_texture_2D_image EGL_KHR_gl_texture_3D_image EGL_KHR_gl_texture_cubemap_image EGL_KHR_image_base EGL_KHR_no_config_context EGL_KHR_reusable_sync EGL_KHR_surfaceless_context EGL_EXT_pixel_format_float EGL_KHR_wait_sync EGL_MESA_configless_context EGL_MESA_drm_image EGL_MESA_gl_interop EGL_MESA_image_dma_buf_export EGL_MESA_query_driver EGL_MESA_x11_native_visual_id EGL_WL_bind_wayland_display 
[render/egl.c:357] Supported EGL device extensions: EGL_EXT_device_drm EGL_EXT_device_drm_render_node
[render/egl.c:359] EGL vendor: Mesa Project
[render/egl.c:120] Supported DMA-BUF formats:
[render/egl.c:169]   AB4H (0x48344241)
[render/egl.c:103]     INVALID (0x00FFFFFFFFFFFFFF): ✓ texture  ✓ render
[render/egl.c:103]     LINEAR (0x0000000000000000): ✓ texture  ✓ render
[render/egl.c:103]     X_TILED (0x0100000000000001): ✓ texture  ✓ render
[render/egl.c:103]     Y_TILED (0x0100000000000002): ✓ texture  ✓ render
[render/egl.c:169]   XB4H (0x48344258)
[render/egl.c:103]     INVALID (0x00FFFFFFFFFFFFFF): ✓ texture  ✓ render
[render/egl.c:103]     LINEAR (0x0000000000000000): ✓ texture  ✓ render
[render/egl.c:103]     X_TILED (0x0100000000000001): ✓ texture  ✓ render
[render/egl.c:103]     Y_TILED (0x0100000000000002): ✓ texture  ✓ render
[render/egl.c:169]   AB48 (0x38344241)
[render/egl.c:103]     INVALID (0x00FFFFFFFFFFFFFF): ✓ texture  ✓ render
[render/egl.c:103]     LINEAR (0x0000000000000000): ✓ texture  ✓ render
[render/egl.c:103]     X_TILED (0x0100000000000001): ✓ texture  ✓ render
[render/egl.c:103]     Y_TILED (0x0100000000000002): ✓ texture  ✓ render
[render/egl.c:169]   XB48 (0x38344258)
[render/egl.c:103]     INVALID (0x00FFFFFFFFFFFFFF): ✓ texture  ✓ render
[render/egl.c:103]     LINEAR (0x0000000000000000): ✓ texture  ✓ render
[render/egl.c:103]     X_TILED (0x0100000000000001): ✓ texture  ✓ render
[render/egl.c:103]     Y_TILED (0x0100000000000002): ✓ texture  ✓ render
[render/egl.c:169]   AR30 (0x30335241)
[render/egl.c:103]     INVALID (0x00FFFFFFFFFFFFFF): ✓ texture  ✓ render
[render/egl.c:103]     LINEAR (0x0000000000000000): ✓ texture  ✓ render
[render/egl.c:103]     X_TILED (0x0100000000000001): ✓ texture  ✓ render
[render/egl.c:103]     Y_TILED (0x0100000000000002): ✓ texture  ✓ render
[render/egl.c:169]   XR30 (0x30335258)
[render/egl.c:103]     INVALID (0x00FFFFFFFFFFFFFF): ✓ texture  ✓ render
[render/egl.c:103]     LINEAR (0x0000000000000000): ✓ texture  ✓ render
[render/egl.c:103]     X_TILED (0x0100000000000001): ✓ texture  ✓ render
[render/egl.c:103]     Y_TILED (0x0100000000000002): ✓ texture  ✓ render
[render/egl.c:169]   AB30 (0x30334241)
[render/egl.c:103]     INVALID (0x00FFFFFFFFFFFFFF): ✓ texture  ✓ render
[render/egl.c:103]     LINEAR (0x0000000000000000): ✓ texture  ✓ render
[render/egl.c:103]     X_TILED (0x0100000000000001): ✓ texture  ✓ render
[render/egl.c:103]     Y_TILED (0x0100000000000002): ✓ texture  ✓ render
[render/egl.c:169]   AR24 (0x34325241)
[render/egl.c:103]     INVALID (0x00FFFFFFFFFFFFFF): ✓ texture  ✓ render
[render/egl.c:103]     LINEAR (0x0000000000000000): ✓ texture  ✓ render
[render/egl.c:103]     X_TILED (0x0100000000000001): ✓ texture  ✓ render
[render/egl.c:103]     Y_TILED (0x0100000000000002): ✓ texture  ✓ render
[render/egl.c:169]   AB24 (0x34324241)
[render/egl.c:103]     INVALID (0x00FFFFFFFFFFFFFF): ✓ texture  ✓ render
[render/egl.c:103]     LINEAR (0x0000000000000000): ✓ texture  ✓ render
[render/egl.c:103]     X_TILED (0x0100000000000001): ✓ texture  ✓ render
[render/egl.c:103]     Y_TILED (0x0100000000000002): ✓ texture  ✓ render
[render/egl.c:169]   XR24 (0x34325258)
[render/egl.c:103]     INVALID (0x00FFFFFFFFFFFFFF): ✓ texture  ✓ render
[render/egl.c:103]     LINEAR (0x0000000000000000): ✓ texture  ✓ render
[render/egl.c:103]     X_TILED (0x0100000000000001): ✓ texture  ✓ render
[render/egl.c:103]     Y_TILED (0x0100000000000002): ✓ texture  ✓ render
[render/egl.c:169]   XB24 (0x34324258)
[render/egl.c:103]     INVALID (0x00FFFFFFFFFFFFFF): ✓ texture  ✓ render
[render/egl.c:103]     LINEAR (0x0000000000000000): ✓ texture  ✓ render
[render/egl.c:103]     X_TILED (0x0100000000000001): ✓ texture  ✓ render
[render/egl.c:103]     Y_TILED (0x0100000000000002): ✓ texture  ✓ render
[render/egl.c:169]   AR15 (0x35315241)
[render/egl.c:103]     INVALID (0x00FFFFFFFFFFFFFF): ✓ texture  ✓ render
[render/egl.c:103]     LINEAR (0x0000000000000000): ✓ texture  ✓ render
[render/egl.c:103]     X_TILED (0x0100000000000001): ✓ texture  ✓ render
[render/egl.c:103]     Y_TILED (0x0100000000000002): ✓ texture  ✓ render
[render/egl.c:169]   AR12 (0x32315241)
[render/egl.c:103]     INVALID (0x00FFFFFFFFFFFFFF): ✓ texture  ✓ render
[render/egl.c:103]     LINEAR (0x0000000000000000): ✓ texture  ✓ render
[render/egl.c:103]     X_TILED (0x0100000000000001): ✓ texture  ✓ render
[render/egl.c:103]     Y_TILED (0x0100000000000002): ✓ texture  ✓ render
[render/egl.c:169]   RG16 (0x36314752)
[render/egl.c:103]     INVALID (0x00FFFFFFFFFFFFFF): ✓ texture  ✓ render
[render/egl.c:103]     LINEAR (0x0000000000000000): ✓ texture  ✓ render
[render/egl.c:103]     X_TILED (0x0100000000000001): ✓ texture  ✓ render
[render/egl.c:103]     Y_TILED (0x0100000000000002): ✓ texture  ✓ render
[render/egl.c:169]   R8 (0x20203852)
[render/egl.c:103]     INVALID (0x00FFFFFFFFFFFFFF): ✓ texture  ✓ render
[render/egl.c:103]     LINEAR (0x0000000000000000): ✓ texture  ✓ render
[render/egl.c:103]     X_TILED (0x0100000000000001): ✓ texture  ✓ render
[render/egl.c:103]     Y_TILED (0x0100000000000002): ✓ texture  ✓ render
[render/egl.c:169]   R16 (0x20363152)
[render/egl.c:103]     INVALID (0x00FFFFFFFFFFFFFF): ✓ texture  ✓ render
[render/egl.c:103]     LINEAR (0x0000000000000000): ✓ texture  ✓ render
[render/egl.c:103]     X_TILED (0x0100000000000001): ✓ texture  ✓ render
[render/egl.c:103]     Y_TILED (0x0100000000000002): ✓ texture  ✓ render
[render/egl.c:169]   GR88 (0x38385247)
[render/egl.c:103]     INVALID (0x00FFFFFFFFFFFFFF): ✓ texture  ✓ render
[render/egl.c:103]     LINEAR (0x0000000000000000): ✓ texture  ✓ render
[render/egl.c:103]     X_TILED (0x0100000000000001): ✓ texture  ✓ render
[render/egl.c:103]     Y_TILED (0x0100000000000002): ✓ texture  ✓ render
[render/egl.c:169]   GR32 (0x32335247)
[render/egl.c:103]     INVALID (0x00FFFFFFFFFFFFFF): ✓ texture  ✓ render
[render/egl.c:103]     LINEAR (0x0000000000000000): ✓ texture  ✓ render
[render/egl.c:103]     X_TILED (0x0100000000000001): ✓ texture  ✓ render
[render/egl.c:103]     Y_TILED (0x0100000000000002): ✓ texture  ✓ render
[render/egl.c:169]   YUV9 (0x39565559)
[render/egl.c:103]     INVALID (0x00FFFFFFFFFFFFFF): ✓ texture  ✓ render
[render/egl.c:103]     LINEAR (0x0000000000000000): ✓ texture  ✗ render
[render/egl.c:103]     X_TILED (0x0100000000000001): ✓ texture  ✗ render
[render/egl.c:103]     Y_TILED (0x0100000000000002): ✓ texture  ✗ render
[render/egl.c:169]   YU11 (0x31315559)
[render/egl.c:103]     INVALID (0x00FFFFFFFFFFFFFF): ✓ texture  ✓ render
[render/egl.c:103]     LINEAR (0x0000000000000000): ✓ texture  ✗ render
[render/egl.c:103]     X_TILED (0x0100000000000001): ✓ texture  ✗ render
[render/egl.c:103]     Y_TILED (0x0100000000000002): ✓ texture  ✗ render
[render/egl.c:169]   YU12 (0x32315559)
[render/egl.c:103]     INVALID (0x00FFFFFFFFFFFFFF): ✓ texture  ✓ render
[render/egl.c:103]     LINEAR (0x0000000000000000): ✓ texture  ✗ render
[render/egl.c:103]     X_TILED (0x0100000000000001): ✓ texture  ✗ render
[render/egl.c:103]     Y_TILED (0x0100000000000002): ✓ texture  ✗ render
[render/egl.c:169]   YU16 (0x36315559)
[render/egl.c:103]     INVALID (0x00FFFFFFFFFFFFFF): ✓ texture  ✓ render
[render/egl.c:103]     LINEAR (0x0000000000000000): ✓ texture  ✗ render
[render/egl.c:103]     X_TILED (0x0100000000000001): ✓ texture  ✗ render
[render/egl.c:103]     Y_TILED (0x0100000000000002): ✓ texture  ✗ render
[render/egl.c:169]   YU24 (0x34325559)
[render/egl.c:103]     INVALID (0x00FFFFFFFFFFFFFF): ✓ texture  ✓ render
[render/egl.c:103]     LINEAR (0x0000000000000000): ✓ texture  ✗ render
[render/egl.c:103]     X_TILED (0x0100000000000001): ✓ texture  ✗ render
[render/egl.c:103]     Y_TILED (0x0100000000000002): ✓ texture  ✗ render
[render/egl.c:169]   YVU9 (0x39555659)
[render/egl.c:103]     INVALID (0x00FFFFFFFFFFFFFF): ✓ texture  ✓ render
[render/egl.c:103]     LINEAR (0x0000000000000000): ✓ texture  ✗ render
[render/egl.c:103]     X_TILED (0x0100000000000001): ✓ texture  ✗ render
[render/egl.c:103]     Y_TILED (0x0100000000000002): ✓ texture  ✗ render
[render/egl.c:169]   YV11 (0x31315659)
[render/egl.c:103]     INVALID (0x00FFFFFFFFFFFFFF): ✓ texture  ✓ render
[render/egl.c:103]     LINEAR (0x0000000000000000): ✓ texture  ✗ render
[render/egl.c:103]     X_TILED (0x0100000000000001): ✓ texture  ✗ render
[render/egl.c:103]     Y_TILED (0x0100000000000002): ✓ texture  ✗ render
[render/egl.c:169]   YV12 (0x32315659)
[render/egl.c:103]     INVALID (0x00FFFFFFFFFFFFFF): ✓ texture  ✓ render
[render/egl.c:103]     LINEAR (0x0000000000000000): ✓ texture  ✗ render
[render/egl.c:103]     X_TILED (0x0100000000000001): ✓ texture  ✗ render
[render/egl.c:103]     Y_TILED (0x0100000000000002): ✓ texture  ✗ render
[render/egl.c:169]   YV16 (0x36315659)
[render/egl.c:103]     INVALID (0x00FFFFFFFFFFFFFF): ✓ texture  ✓ render
[render/egl.c:103]     LINEAR (0x0000000000000000): ✓ texture  ✗ render
[render/egl.c:103]     X_TILED (0x0100000000000001): ✓ texture  ✗ render
[render/egl.c:103]     Y_TILED (0x0100000000000002): ✓ texture  ✗ render
[render/egl.c:169]   YV24 (0x34325659)
[render/egl.c:103]     INVALID (0x00FFFFFFFFFFFFFF): ✓ texture  ✓ render
[render/egl.c:103]     LINEAR (0x0000000000000000): ✓ texture  ✗ render
[render/egl.c:103]     X_TILED (0x0100000000000001): ✓ texture  ✗ render
[render/egl.c:103]     Y_TILED (0x0100000000000002): ✓ texture  ✗ render
[render/egl.c:169]   NV12 (0x3231564E)
[render/egl.c:103]     INVALID (0x00FFFFFFFFFFFFFF): ✓ texture  ✓ render
[render/egl.c:103]     LINEAR (0x0000000000000000): ✓ texture  ✗ render
[render/egl.c:103]     X_TILED (0x0100000000000001): ✓ texture  ✗ render
[render/egl.c:103]     Y_TILED (0x0100000000000002): ✓ texture  ✗ render
[render/egl.c:169]   NV21 (0x3132564E)
[render/egl.c:103]     INVALID (0x00FFFFFFFFFFFFFF): ✓ texture  ✓ render
[render/egl.c:103]     LINEAR (0x0000000000000000): ✓ texture  ✗ render
[render/egl.c:103]     X_TILED (0x0100000000000001): ✓ texture  ✗ render
[render/egl.c:103]     Y_TILED (0x0100000000000002): ✓ texture  ✗ render
[render/egl.c:169]   P010 (0x30313050)
[render/egl.c:103]     INVALID (0x00FFFFFFFFFFFFFF): ✓ texture  ✓ render
[render/egl.c:103]     LINEAR (0x0000000000000000): ✓ texture  ✗ render
[render/egl.c:103]     X_TILED (0x0100000000000001): ✓ texture  ✗ render
[render/egl.c:103]     Y_TILED (0x0100000000000002): ✓ texture  ✗ render
[render/egl.c:169]   P012 (0x32313050)
[render/egl.c:103]     INVALID (0x00FFFFFFFFFFFFFF): ✓ texture  ✓ render
[render/egl.c:103]     LINEAR (0x0000000000000000): ✓ texture  ✗ render
[render/egl.c:103]     X_TILED (0x0100000000000001): ✓ texture  ✗ render
[render/egl.c:103]     Y_TILED (0x0100000000000002): ✓ texture  ✗ render
[render/egl.c:169]   P016 (0x36313050)
[render/egl.c:103]     INVALID (0x00FFFFFFFFFFFFFF): ✓ texture  ✓ render
[render/egl.c:103]     LINEAR (0x0000000000000000): ✓ texture  ✗ render
[render/egl.c:103]     X_TILED (0x0100000000000001): ✓ texture  ✗ render
[render/egl.c:103]     Y_TILED (0x0100000000000002): ✓ texture  ✗ render
[render/egl.c:169]   P030 (0x30333050)
[render/egl.c:103]     INVALID (0x00FFFFFFFFFFFFFF): ✓ texture  ✓ render
[render/egl.c:103]     LINEAR (0x0000000000000000): ✓ texture  ✗ render
[render/egl.c:103]     X_TILED (0x0100000000000001): ✓ texture  ✗ render
[render/egl.c:103]     Y_TILED (0x0100000000000002): ✓ texture  ✗ render
[render/egl.c:169]   NV16 (0x3631564E)
[render/egl.c:103]     INVALID (0x00FFFFFFFFFFFFFF): ✓ texture  ✓ render
[render/egl.c:103]     LINEAR (0x0000000000000000): ✓ texture  ✗ render
[render/egl.c:103]     X_TILED (0x0100000000000001): ✓ texture  ✗ render
[render/egl.c:103]     Y_TILED (0x0100000000000002): ✓ texture  ✗ render
[render/egl.c:169]   AYUV (0x56555941)
[render/egl.c:103]     INVALID (0x00FFFFFFFFFFFFFF): ✓ texture  ✓ render
[render/egl.c:103]     LINEAR (0x0000000000000000): ✓ texture  ✗ render
[render/egl.c:103]     X_TILED (0x0100000000000001): ✓ texture  ✗ render
[render/egl.c:103]     Y_TILED (0x0100000000000002): ✓ texture  ✗ render
[render/egl.c:169]   XYUV (0x56555958)
[render/egl.c:103]     INVALID (0x00FFFFFFFFFFFFFF): ✓ texture  ✓ render
[render/egl.c:103]     LINEAR (0x0000000000000000): ✓ texture  ✗ render
[render/egl.c:103]     X_TILED (0x0100000000000001): ✓ texture  ✗ render
[render/egl.c:103]     Y_TILED (0x0100000000000002): ✓ texture  ✗ render
[render/egl.c:169]   Y410 (0x30313459)
[render/egl.c:103]     INVALID (0x00FFFFFFFFFFFFFF): ✓ texture  ✓ render
[render/egl.c:103]     LINEAR (0x0000000000000000): ✓ texture  ✗ render
[render/egl.c:103]     X_TILED (0x0100000000000001): ✓ texture  ✗ render
[render/egl.c:103]     Y_TILED (0x0100000000000002): ✓ texture  ✗ render
[render/egl.c:169]   Y412 (0x32313459)
[render/egl.c:103]     INVALID (0x00FFFFFFFFFFFFFF): ✓ texture  ✓ render
[render/egl.c:103]     LINEAR (0x0000000000000000): ✓ texture  ✗ render
[render/egl.c:103]     X_TILED (0x0100000000000001): ✓ texture  ✗ render
[render/egl.c:103]     Y_TILED (0x0100000000000002): ✓ texture  ✗ render
[render/egl.c:169]   Y416 (0x36313459)
[render/egl.c:103]     INVALID (0x00FFFFFFFFFFFFFF): ✓ texture  ✓ render
[render/egl.c:103]     LINEAR (0x0000000000000000): ✓ texture  ✗ render
[render/egl.c:103]     X_TILED (0x0100000000000001): ✓ texture  ✗ render
[render/egl.c:103]     Y_TILED (0x0100000000000002): ✓ texture  ✗ render
[render/egl.c:169]   YUYV (0x56595559)
[render/egl.c:103]     INVALID (0x00FFFFFFFFFFFFFF): ✓ texture  ✓ render
[render/egl.c:103]     LINEAR (0x0000000000000000): ✓ texture  ✗ render
[render/egl.c:103]     X_TILED (0x0100000000000001): ✓ texture  ✗ render
[render/egl.c:103]     Y_TILED (0x0100000000000002): ✓ texture  ✗ render
[render/egl.c:169]   YVYU (0x55595659)
[render/egl.c:103]     INVALID (0x00FFFFFFFFFFFFFF): ✓ texture  ✓ render
[render/egl.c:103]     LINEAR (0x0000000000000000): ✓ texture  ✗ render
[render/egl.c:103]     X_TILED (0x0100000000000001): ✓ texture  ✗ render
[render/egl.c:103]     Y_TILED (0x0100000000000002): ✓ texture  ✗ render
[render/egl.c:169]   UYVY (0x59565955)
[render/egl.c:103]     INVALID (0x00FFFFFFFFFFFFFF): ✓ texture  ✓ render
[render/egl.c:103]     LINEAR (0x0000000000000000): ✓ texture  ✗ render
[render/egl.c:103]     X_TILED (0x0100000000000001): ✓ texture  ✗ render
[render/egl.c:103]     Y_TILED (0x0100000000000002): ✓ texture  ✗ render
[render/egl.c:169]   VYUY (0x59555956)
[render/egl.c:103]     INVALID (0x00FFFFFFFFFFFFFF): ✓ texture  ✓ render
[render/egl.c:103]     LINEAR (0x0000000000000000): ✓ texture  ✗ render
[render/egl.c:103]     X_TILED (0x0100000000000001): ✓ texture  ✗ render
[render/egl.c:103]     Y_TILED (0x0100000000000002): ✓ texture  ✗ render
[render/egl.c:169]   Y210 (0x30313259)
[render/egl.c:103]     INVALID (0x00FFFFFFFFFFFFFF): ✓ texture  ✓ render
[render/egl.c:103]     LINEAR (0x0000000000000000): ✓ texture  ✗ render
[render/egl.c:103]     X_TILED (0x0100000000000001): ✓ texture  ✗ render
[render/egl.c:103]     Y_TILED (0x0100000000000002): ✓ texture  ✗ render
[render/egl.c:169]   Y212 (0x32313259)
[render/egl.c:103]     INVALID (0x00FFFFFFFFFFFFFF): ✓ texture  ✓ render
[render/egl.c:103]     LINEAR (0x0000000000000000): ✓ texture  ✗ render
[render/egl.c:103]     X_TILED (0x0100000000000001): ✓ texture  ✗ render
[render/egl.c:103]     Y_TILED (0x0100000000000002): ✓ texture  ✗ render
[render/egl.c:169]   Y216 (0x36313259)
[render/egl.c:103]     INVALID (0x00FFFFFFFFFFFFFF): ✓ texture  ✓ render
[render/egl.c:103]     LINEAR (0x0000000000000000): ✓ texture  ✗ render
[render/egl.c:103]     X_TILED (0x0100000000000001): ✓ texture  ✗ render
[render/egl.c:103]     Y_TILED (0x0100000000000002): ✓ texture  ✗ render
[render/egl.c:189] EGL DMA-BUF format modifiers supported
[render/egl.c:434] Obtained high priority context
[render/egl.c:535] Using EGL_PLATFORM_DEVICE_EXT
[render/gles2/renderer.c:538] Creating GLES2 renderer
[render/gles2/renderer.c:539] Using OpenGL ES 3.2 Mesa 25.0.7-2+deb13u1
[render/gles2/renderer.c:540] GL vendor: Intel
[render/gles2/renderer.c:541] GL renderer: Mesa Intel(R) HD Graphics 5000 (HSW GT3)
[render/gles2/renderer.c:542] Supported GLES2 extensions: GL_EXT_blend_minmax GL_EXT_multi_draw_arrays GL_EXT_texture_filter_anisotropic GL_EXT_texture_compression_s3tc GL_EXT_texture_compression_dxt1 GL_EXT_texture_compression_rgtc GL_EXT_texture_format_BGRA8888 GL_OES_compressed_ETC1_RGB8_texture GL_OES_depth24 GL_OES_element_index_uint GL_OES_fbo_render_mipmap GL_OES_mapbuffer GL_OES_rgb8_rgba8 GL_OES_standard_derivatives GL_OES_stencil8 GL_OES_texture_3D GL_OES_texture_float GL_OES_texture_float_linear GL_OES_texture_half_float GL_OES_texture_half_float_linear GL_OES_texture_npot GL_OES_vertex_half_float GL_EXT_draw_instanced GL_EXT_texture_sRGB_decode GL_OES_EGL_image GL_OES_depth_texture GL_AMD_performance_monitor GL_OES_packed_depth_stencil GL_EXT_texture_type_2_10_10_10_REV GL_NV_conditional_render GL_OES_get_program_binary GL_APPLE_texture_max_level GL_EXT_discard_framebuffer GL_EXT_read_format_bgra GL_EXT_texture_storage GL_NV_pack_subimage GL_NV_texture_barrier GL_EXT_frag_depth GL_NV_fbo_color_attachments GL_OES_EGL_image_external GL_OES_EGL_sync GL_OES_vertex_array_object GL_OES_viewport_array GL_ANGLE_pack_reverse_row_order GL_ANGLE_texture_compression_dxt3 GL_ANGLE_texture_compression_dxt5 GL_EXT_occlusion_query_boolean GL_EXT_robustness GL_EXT_texture_rg GL_EXT_unpack_subimage GL_NV_draw_buffers GL_NV_read_buffer GL_NV_read_depth GL_NV_read_depth_stencil GL_NV_read_stencil GL_APPLE_sync GL_EXT_draw_buffers GL_EXT_instanced_arrays GL_EXT_map_buffer_range GL_EXT_shadow_samplers GL_KHR_debug GL_KHR_robustness GL_KHR_texture_compression_astc_ldr GL_NV_generate_mipmap_sRGB GL_NV_pixel_buffer_object GL_OES_depth_texture_cube_map GL_OES_required_internalformat GL_OES_surfaceless_context GL_EXT_color_buffer_float GL_EXT_debug_label GL_EXT_sRGB_write_control GL_EXT_separate_shader_objects GL_EXT_shader_group_vote GL_EXT_shader_implicit_conversions GL_EXT_shader_integer_mix GL_EXT_tessellation_point_size GL_EXT_tessellation_shader GL_INTEL_performance_query GL_ANDROID_extension_pack_es31a GL_EXT_base_instance GL_EXT_compressed_ETC1_RGB8_sub_texture GL_EXT_copy_image GL_EXT_draw_buffers_indexed GL_EXT_draw_elements_base_vertex GL_EXT_gpu_shader5 GL_EXT_multi_draw_indirect GL_EXT_polygon_offset_clamp GL_EXT_primitive_bounding_box GL_EXT_render_snorm GL_EXT_shader_io_blocks GL_EXT_texture_border_clamp GL_EXT_texture_buffer GL_EXT_texture_cube_map_array GL_EXT_texture_norm16 GL_EXT_texture_view GL_KHR_blend_equation_advanced GL_KHR_context_flush_control GL_KHR_robust_buffer_access_behavior GL_NV_image_formats GL_NV_shader_noperspective_interpolation GL_OES_copy_image GL_OES_draw_buffers_indexed GL_OES_draw_elements_base_vertex GL_OES_gpu_shader5 GL_OES_primitive_bounding_box GL_OES_sample_shading GL_OES_sample_variables GL_OES_shader_io_blocks GL_OES_shader_multisample_interpolation GL_OES_tessellation_point_size GL_OES_tessellation_shader GL_OES_texture_border_clamp GL_OES_texture_buffer GL_OES_texture_cube_map_array GL_OES_texture_stencil8 GL_OES_texture_storage_multisample_2d_array GL_OES_texture_view GL_EXT_blend_func_extended GL_EXT_buffer_storage GL_EXT_float_blend GL_EXT_geometry_point_size GL_EXT_geometry_shader GL_EXT_shader_samples_identical GL_EXT_texture_sRGB_R8 GL_KHR_no_error GL_KHR_texture_compression_astc_sliced_3d GL_OES_EGL_image_external_essl3 GL_OES_geometry_point_size GL_OES_geometry_shader GL_OES_shader_image_atomic GL_EXT_clear_texture GL_EXT_clip_cull_distance GL_EXT_conservative_depth GL_EXT_disjoint_timer_query GL_EXT_texture_compression_s3tc_srgb GL_MESA_shader_integer_functions GL_EXT_clip_control GL_EXT_color_buffer_half_float GL_EXT_memory_object GL_EXT_memory_object_fd GL_EXT_semaphore GL_EXT_semaphore_fd GL_EXT_texture_compression_bptc GL_EXT_texture_mirror_clamp_to_edge GL_KHR_parallel_shader_compile GL_NV_alpha_to_coverage_dither_control GL_EXT_EGL_image_storage GL_EXT_shader_framebuffer_fetch_non_coherent GL_EXT_texture_shadow_lod GL_INTEL_blackhole_render GL_MESA_framebuffer_flip_y GL_NV_compute_shader_derivatives GL_EXT_demote_to_helper_invocation GL_EXT_depth_clamp GL_EXT_texture_query_lod GL_MESA_sampler_objects GL_EXT_EGL_image_storage_compression GL_EXT_texture_storage_compression GL_MESA_bgra 
[render/gles2/renderer.c:597] GPU reset notifications are enabled
[render/allocator/allocator.c:105] Trying to create gbm allocator
[render/allocator/gbm.c:212] Created GBM allocator with backend drm
[render/allocator/gbm.c:215] Using DRM node /dev/dri/card0
[backend/libinput/backend.c:88] Starting libinput backend
[backend/libinput/events.c:69] Adding Power Button [0:1]
[backend/libinput/events.c:69] Adding Video Bus [0:6]
[backend/libinput/events.c:69] Adding Power Button [0:1]
[backend/libinput/events.c:69] Adding Lid Switch [0:5]
[backend/libinput/events.c:69] Adding Sleep Button [0:3]
[backend/libinput/events.c:69] Adding Apple Inc. Apple Internal Keyboard / Trackpad [1452:657]
[backend/libinput/events.c:69] Adding bcm5974 [1452:657]
[backend/libinput/backend.c:125] libinput successfully initialized
[backend/drm/drm.c:1703] Scanning DRM connectors on /dev/dri/card0
[backend/drm/drm.c:1754] Found connector 'eDP-1'
[backend/drm/drm.c:1779] 'eDP-1' connected
[backend/drm/drm.c:1569] Current CRTC: 47
[backend/drm/drm.c:1583] Detected modes:
[backend/drm/drm.c:1613]   1440x900 @ 59.996 Hz (preferred)
[backend/drm/drm.c:1633] Physical size: 290x180
[backend/drm/drm.c:1754] Found connector 'DP-1'
[backend/drm/drm.c:1754] Found connector 'HDMI-A-1'
[backend/drm/drm.c:1754] Found connector 'DP-2'
[backend/drm/drm.c:1754] Found connector 'HDMI-A-2'
[backend/drm/drm.c:1345] Reallocating CRTCs
[backend/drm/drm.c:1408]   Connector eDP-1 (connected, needs CRTC): CRTC 47 (no change)
[backend/drm/drm.c:1408]   Connector DP-1 (disconnected): no CRTC (no change)
[backend/drm/drm.c:1408]   Connector HDMI-A-1 (disconnected): no CRTC (no change)
[backend/drm/drm.c:1408]   Connector DP-2 (disconnected): no CRTC (no change)
[backend/drm/drm.c:1408]   Connector HDMI-A-2 (disconnected): no CRTC (no change)
[backend/drm/drm.c:1815] connector eDP-1: Requesting modeset
[types/output/render.c:127] Attaching empty buffer to output for modeset
[types/output/swapchain.c:27] Choosing primary buffer format XR24 (0x34325258) for output 'eDP-1'
[types/output/swapchain.c:96] Testing swapchain for output 'eDP-1'
[render/swapchain.c:106] Allocating new swapchain buffer
[render/allocator/gbm.c:144] Allocated 1440x900 GBM buffer with format XR24 (0x34325258), modifier X_TILED (0x0100000000000001)
[render/gles2/renderer.c:158] Created GL FBO for buffer 1440x900
[backend/drm/drm.c:917] connector eDP-1: Modesetting with 1440x900 @ 59.996 Hz
[render/swapchain.c:106] Allocating new swapchain buffer
[render/allocator/gbm.c:144] Allocated 1440x900 GBM buffer with format XR24 (0x34325258), modifier X_TILED (0x0100000000000001)
[render/gles2/renderer.c:158] Created GL FBO for buffer 1440x900
